<html>
<body>
<pre>
<h1>µVision Build Log</h1>
<h2>Tool Versions:</h2>
IDE-Version: ¶ÃVision V5.36.0.0
Copyright (C) 2021 ARM Ltd and ARM Germany GmbH. All rights reserved.
License Information: kon hao, hao, LIC=----
 
Tool Versions:
Toolchain:       MDK-Lite  Version: 5.36.0.0
Toolchain Path:  C:\Keil_v5\ARM\ARMCC\Bin
C Compiler:      Armcc.exe V5.06 update 7 (build 960)
Assembler:       Armasm.exe V5.06 update 7 (build 960)
Linker/Locator:  ArmLink.exe V5.06 update 7 (build 960)
Library Manager: ArmAr.exe V5.06 update 7 (build 960)
Hex Converter:   FromElf.exe V5.06 update 7 (build 960)
CPU DLL:         SARMCM3.DLL V5.36.0.0
Dialog DLL:      DCM.DLL V1.17.3.0
Target DLL:      CMSIS_AGDI.dll V1.33.0.0
Dialog DLL:      TCM.DLL V1.53.0.0
 
<h2>Project:</h2>
I:\StudyStm32\11∞¥º¸÷–∂œµ„¡¡Ledµ∆\Project\Fire_F103.uvprojx
Project File Date:  09/12/2024

<h2>Output:</h2>
*** Using Compiler 'V5.06 update 7 (build 960)', folder: 'C:\Keil_v5\ARM\ARMCC\Bin'
Rebuild target '∑¥…‰—≠º£¥•∑¢∑‰√˘∆˜'
assembling startup_stm32f10x_md.s...
compiling stm32f10x_iwdg.c...
compiling stm32f10x_dbgmcu.c...
compiling stm32f10x_i2c.c...
compiling main.c...
..\Libraries\CMSIS\CM3\DeviceSupport\ST\STM32F10x\stm32f10x.h(1277): warning:  #47-D: incompatible redefinition of macro "PERIPH_BASE"  (declared at line 24 of "..\User\main.h")
  #define PERIPH_BASE           ((uint32_t)0x40000000) /*!< Peripheral base address in the alias region */
..\Libraries\CMSIS\CM3\DeviceSupport\ST\STM32F10x\stm32f10x.h(1318): warning:  #47-D: incompatible redefinition of macro "GPIOA_BASE"  (declared at line 26 of "..\User\main.h")
  #define GPIOA_BASE            (APB2PERIPH_BASE + 0x0800)
..\Libraries\CMSIS\CM3\DeviceSupport\ST\STM32F10x\stm32f10x.h(1355): warning:  #47-D: incompatible redefinition of macro "RCC_BASE"  (declared at line 27 of "..\User\main.h")
  #define RCC_BASE              (AHBPERIPH_BASE + 0x1000)
..\User\led/bsp_gpio_led.h(74): warning:  #1295-D: Deprecated declaration LED_GPIO_Config - give arg types
  void LED_GPIO_Config();
..\User\main.c: 4 warnings, 0 errors
compiling stm32f10x_exti.c...
compiling system_stm32f10x.c...
compiling stm32f10x_crc.c...
compiling stm32f10x_bkp.c...
compiling bsp_gpio_led_ex.c...
compiling stm32f10x_it.c...
..\User\main.h(24): warning:  #47-D: incompatible redefinition of macro "PERIPH_BASE"  (declared at line 1277 of "..\Libraries\CMSIS\CM3\DeviceSupport\ST\STM32F10x\stm32f10x.h")
  #define PERIPH_BASE 		((unsigned int)0x40000000)
..\User\main.h(26): warning:  #47-D: incompatible redefinition of macro "GPIOA_BASE"  (declared at line 1318 of "..\Libraries\CMSIS\CM3\DeviceSupport\ST\STM32F10x\stm32f10x.h")
  #define GPIOA_BASE 			(APB2_PERIPH_BASE+0x800)
..\User\main.h(27): warning:  #47-D: incompatible redefinition of macro "RCC_BASE"  (declared at line 1355 of "..\Libraries\CMSIS\CM3\DeviceSupport\ST\STM32F10x\stm32f10x.h")
  #define RCC_BASE 			(PERIPH_BASE+0x21000)
..\User\led/bsp_gpio_led.h(74): warning:  #1295-D: Deprecated declaration LED_GPIO_Config - give arg types
  void LED_GPIO_Config();
..\User\stm32f10x_it.c: 4 warnings, 0 errors
compiling stm32f10x_rtc.c...
compiling stm32f10x_pwr.c...
compiling bsp_gpio_key.c...
..\User\key\bsp_gpio_key.c(112): warning:  #1-D: last line of file ends without a newline
  }
..\User\key\bsp_gpio_key.c: 1 warning, 0 errors
compiling stm32f10x_cec.c...
compiling stm32f10x_dma.c...
compiling stm32f10x_gpio.c...
compiling stm32f10x_sdio.c...
compiling stm32f10x_adc.c...
compiling bsp_gpio_led.c...
..\User\led/bsp_gpio_led.h(74): warning:  #1295-D: Deprecated declaration LED_GPIO_Config - give arg types
  void LED_GPIO_Config();
..\User\led\bsp_gpio_led.c: 1 warning, 0 errors
compiling stm32f10x_dac.c...
compiling stm32f10x_fsmc.c...
compiling bsp_gpio_beep.c...
..\User\beep/bsp_gpio_beep.h(53): warning:  #1295-D: Deprecated declaration BEEP_GPIO_Config - give arg types
  void BEEP_GPIO_Config();
..\User\beep\bsp_gpio_beep.c: 1 warning, 0 errors
compiling misc.c...
compiling bsp_gpio_light.c...
..\User\light/bsp_gpio_light.h(48): warning:  #1295-D: Deprecated declaration LIGHT_GPIO_Config - give arg types
  void LIGHT_GPIO_Config();
..\User\light\bsp_gpio_light.c(59): warning:  #1-D: last line of file ends without a newline
  }
..\User\light\bsp_gpio_light.c: 2 warnings, 0 errors
compiling stm32f10x_usart.c...
compiling bsp_delay.c...
..\User\delay\bsp_delay.c(44): warning:  #1-D: last line of file ends without a newline
    
..\User\delay\bsp_delay.c: 1 warning, 0 errors
compiling bsp_gpio_track.c...
..\User\track/bsp_gpio_track.h(48): warning:  #1295-D: Deprecated declaration TRACK_GPIO_Config - give arg types
  void TRACK_GPIO_Config();
..\User\track\bsp_gpio_track.c(59): warning:  #1-D: last line of file ends without a newline
  }
..\User\track\bsp_gpio_track.c: 2 warnings, 0 errors
compiling stm32f10x_wwdg.c...
compiling stm32f10x_spi.c...
compiling stm32f10x_rcc.c...
compiling stm32f10x_can.c...
compiling stm32f10x_flash.c...
compiling stm32f10x_tim.c...
linking...
Program Size: Code=1708 RO-data=252 RW-data=0 ZI-data=1024  
FromELF: creating hex file...
".\Objects\Fire_F103.axf" - 0 Error(s), 16 Warning(s).

<h2>Software Packages used:</h2>

Package Vendor: Keil
                http://www.keil.com/pack/Keil.STM32F1xx_DFP.2.3.0.pack
                Keil.STM32F1xx_DFP.2.3.0
                STMicroelectronics STM32F1 Series Device Support, Drivers and Examples

<h2>Collection of Component include folders:</h2>
  C:\Users\kongh\AppData\Local\Arm\Packs\Keil\STM32F1xx_DFP\2.3.0\Device\Include

<h2>Collection of Component Files used:</h2>
Build Time Elapsed:  00:00:02
</pre>
</body>
</html>
