<html>
<body>
<pre>
<h1>礦ision Build Log</h1>
<h2>Tool Versions:</h2>
IDE-Version: μVision V5.36.0.0
Copyright (C) 2021 ARM Ltd and ARM Germany GmbH. All rights reserved.
License Information: kon hao, hao, LIC=----
 
Tool Versions:
Toolchain:       MDK-Lite  Version: 5.36.0.0
Toolchain Path:  C:\Keil_v5\ARM\ARMCC\Bin
C Compiler:      Armcc.exe V5.06 update 7 (build 960)
Assembler:       Armasm.exe V5.06 update 7 (build 960)
Linker/Locator:  ArmLink.exe V5.06 update 7 (build 960)
Library Manager: ArmAr.exe V5.06 update 7 (build 960)
Hex Converter:   FromElf.exe V5.06 update 7 (build 960)
CPU DLL:         SARMCM3.DLL V5.36.0.0
Dialog DLL:      DCM.DLL V1.17.3.0
Target DLL:      CMSIS_AGDI.dll V1.33.0.0
Dialog DLL:      TCM.DLL V1.53.0.0
 
<h2>Project:</h2>
I:\StudyStm32\2标准库点灯\Project\Fire_F103.uvprojx
Project File Date:  09/03/2024

<h2>Output:</h2>
*** Using Compiler 'V5.06 update 7 (build 960)', folder: 'C:\Keil_v5\ARM\ARMCC\Bin'
Build target '点亮LED灯'
compiling main.c...
compiling stm32f10x_it.c...
..\User\main.h(24): warning:  #47-D: incompatible redefinition of macro "PERIPH_BASE"  (declared at line 1277 of "..\Libraries\CMSIS\CM3\DeviceSupport\ST\STM32F10x\stm32f10x.h")
  #define PERIPH_BASE 		((unsigned int)0x40000000)
..\User\main.h(26): warning:  #47-D: incompatible redefinition of macro "GPIOA_BASE"  (declared at line 1318 of "..\Libraries\CMSIS\CM3\DeviceSupport\ST\STM32F10x\stm32f10x.h")
  #define GPIOA_BASE 			(APB2_PERIPH_BASE+0x800)
..\User\main.h(27): warning:  #47-D: incompatible redefinition of macro "RCC_BASE"  (declared at line 1355 of "..\Libraries\CMSIS\CM3\DeviceSupport\ST\STM32F10x\stm32f10x.h")
  #define RCC_BASE 			(PERIPH_BASE+0x21000)
..\User\stm32f10x_it.c: 3 warnings, 0 errors
linking...
Program Size: Code=488 RO-data=252 RW-data=0 ZI-data=1024  
FromELF: creating hex file...
".\Objects\Fire_F103.axf" - 0 Error(s), 3 Warning(s).

<h2>Software Packages used:</h2>

Package Vendor: Keil
                http://www.keil.com/pack/Keil.STM32F1xx_DFP.2.3.0.pack
                Keil.STM32F1xx_DFP.2.3.0
                STMicroelectronics STM32F1 Series Device Support, Drivers and Examples

<h2>Collection of Component include folders:</h2>
  C:\Users\kongh\AppData\Local\Arm\Packs\Keil\STM32F1xx_DFP\2.3.0\Device\Include

<h2>Collection of Component Files used:</h2>
Build Time Elapsed:  00:00:00
</pre>
</body>
</html>
