<html>
<body>
<pre>
<h1>µVision Build Log</h1>
<h2>Tool Versions:</h2>
IDE-Version: ¦ÌVision V5.36.0.0
Copyright (C) 2021 ARM Ltd and ARM Germany GmbH. All rights reserved.
License Information: kon hao, hao, LIC=----
 
Tool Versions:
Toolchain:       MDK-Lite  Version: 5.36.0.0
Toolchain Path:  C:\Keil_v5\ARM\ARMCC\Bin
C Compiler:      Armcc.exe V5.06 update 7 (build 960)
Assembler:       Armasm.exe V5.06 update 7 (build 960)
Linker/Locator:  ArmLink.exe V5.06 update 7 (build 960)
Library Manager: ArmAr.exe V5.06 update 7 (build 960)
Hex Converter:   FromElf.exe V5.06 update 7 (build 960)
CPU DLL:         SARMCM3.DLL V5.36.0.0
Dialog DLL:      DCM.DLL V1.17.3.0
Target DLL:      CMSIS_AGDI.dll V1.33.0.0
Dialog DLL:      TCM.DLL V1.53.0.0
 
<h2>Project:</h2>
I:\StudyStm32\2Á÷Ë®µÆ\Project\Fire_F103.uvprojx
Project File Date:  09/05/2024

<h2>Output:</h2>
*** Using Compiler 'V5.06 update 7 (build 960)', folder: 'C:\Keil_v5\ARM\ARMCC\Bin'
Build target 'µãÁÁLEDµÆ'
compiling main.c...
..\Libraries\CMSIS\CM3\DeviceSupport\ST\STM32F10x\stm32f10x.h(1277): warning:  #47-D: incompatible redefinition of macro "PERIPH_BASE"  (declared at line 24 of "..\User\main.h")
  #define PERIPH_BASE           ((uint32_t)0x40000000) /*!< Peripheral base address in the alias region */
..\Libraries\CMSIS\CM3\DeviceSupport\ST\STM32F10x\stm32f10x.h(1318): warning:  #47-D: incompatible redefinition of macro "GPIOA_BASE"  (declared at line 26 of "..\User\main.h")
  #define GPIOA_BASE            (APB2PERIPH_BASE + 0x0800)
..\Libraries\CMSIS\CM3\DeviceSupport\ST\STM32F10x\stm32f10x.h(1355): warning:  #47-D: incompatible redefinition of macro "RCC_BASE"  (declared at line 27 of "..\User\main.h")
  #define RCC_BASE              (AHBPERIPH_BASE + 0x1000)
..\User\led/bsp_gpio_led.h(74): warning:  #1295-D: Deprecated declaration LED_GPIO_Config - give arg types
  void LED_GPIO_Config();
..\User\main.c: 4 warnings, 0 errors
linking...
Program Size: Code=1160 RO-data=252 RW-data=0 ZI-data=1024  
FromELF: creating hex file...
".\Objects\Fire_F103.axf" - 0 Error(s), 4 Warning(s).

<h2>Software Packages used:</h2>

Package Vendor: Keil
                http://www.keil.com/pack/Keil.STM32F1xx_DFP.2.3.0.pack
                Keil.STM32F1xx_DFP.2.3.0
                STMicroelectronics STM32F1 Series Device Support, Drivers and Examples

<h2>Collection of Component include folders:</h2>
  C:\Users\kongh\AppData\Local\Arm\Packs\Keil\STM32F1xx_DFP\2.3.0\Device\Include

<h2>Collection of Component Files used:</h2>
Build Time Elapsed:  00:00:01
</pre>
</body>
</html>
